[debug] [2026-07-30T13:52:05.482Z] ----------------------------------------------------------------------
[debug] [2026-07-30T13:52:05.485Z] Command:       C:\Program Files\nodejs\node.exe C:\Users\akuno\AppData\Roaming\npm\node_modules\firebase-tools\lib\bin\firebase.js deploy --only functions
[debug] [2026-07-30T13:52:05.485Z] CLI Version:   15.19.1
[debug] [2026-07-30T13:52:05.485Z] Platform:      win32
[debug] [2026-07-30T13:52:05.485Z] Node Version:  v24.16.0
[debug] [2026-07-30T13:52:05.485Z] Time:          Thu Jul 30 2026 20:52:05 GMT+0700 (Western Indonesia Time)
[debug] [2026-07-30T13:52:05.486Z] ----------------------------------------------------------------------
[debug] 
[debug] [2026-07-30T13:52:07.578Z] > command requires scopes: ["email","openid","https://www.googleapis.com/auth/cloudplatformprojects.readonly","https://www.googleapis.com/auth/firebase","https://www.googleapis.com/auth/cloud-platform"]
[debug] [2026-07-30T13:52:07.578Z] > authorizing via signed-in user (deny.wismoyo@gmail.com)
[debug] [2026-07-30T13:52:07.578Z] [iam] checking project teknopark-surakarta for permissions ["cloudfunctions.functions.create","cloudfunctions.functions.delete","cloudfunctions.functions.get","cloudfunctions.functions.list","cloudfunctions.functions.update","cloudfunctions.operations.get","firebase.projects.get"]
[debug] [2026-07-30T13:52:07.581Z] Checked if tokens are valid: true, expires at: 1785421608601
[debug] [2026-07-30T13:52:07.581Z] Checked if tokens are valid: true, expires at: 1785421608601
[debug] [2026-07-30T13:52:07.582Z] >>> [apiv2][query] POST https://cloudresourcemanager.googleapis.com/v1/projects/teknopark-surakarta:testIamPermissions [none]
[debug] [2026-07-30T13:52:07.582Z] >>> [apiv2][(partial)header] POST https://cloudresourcemanager.googleapis.com/v1/projects/teknopark-surakarta:testIamPermissions  x-goog-user-project=teknopark-surakarta
[debug] [2026-07-30T13:52:07.582Z] >>> [apiv2][body] POST https://cloudresourcemanager.googleapis.com/v1/projects/teknopark-surakarta:testIamPermissions {"permissions":["cloudfunctions.functions.create","cloudfunctions.functions.delete","cloudfunctions.functions.get","cloudfunctions.functions.list","cloudfunctions.functions.update","cloudfunctions.operations.get","firebase.projects.get"]}
[debug] [2026-07-30T13:52:07.999Z] <<< [apiv2][status] POST https://cloudresourcemanager.googleapis.com/v1/projects/teknopark-surakarta:testIamPermissions 200
[debug] [2026-07-30T13:52:08.000Z] <<< [apiv2][body] POST https://cloudresourcemanager.googleapis.com/v1/projects/teknopark-surakarta:testIamPermissions {"permissions":["cloudfunctions.functions.create","cloudfunctions.functions.delete","cloudfunctions.functions.get","cloudfunctions.functions.list","cloudfunctions.functions.update","cloudfunctions.operations.get","firebase.projects.get"]}
[debug] [2026-07-30T13:52:08.000Z] Checked if tokens are valid: true, expires at: 1785421608601
[debug] [2026-07-30T13:52:08.001Z] Checked if tokens are valid: true, expires at: 1785421608601
[debug] [2026-07-30T13:52:08.001Z] >>> [apiv2][query] POST https://iam.googleapis.com/v1/projects/teknopark-surakarta/serviceAccounts/teknopark-surakarta@appspot.gserviceaccount.com:testIamPermissions [none]
[debug] [2026-07-30T13:52:08.001Z] >>> [apiv2][body] POST https://iam.googleapis.com/v1/projects/teknopark-surakarta/serviceAccounts/teknopark-surakarta@appspot.gserviceaccount.com:testIamPermissions {"permissions":["iam.serviceAccounts.actAs"]}
