[debug] [2026-08-09T05:05:01.375Z] ----------------------------------------------------------------------
[debug] [2026-08-09T05:05:01.377Z] Command:       C:\Program Files\nodejs\node.exe C:\Users\akuno\AppData\Local\npm-cache\_npx\ba4f1959e38407b5\node_modules\firebase-tools\lib\bin\firebase.js deploy --only functions
[debug] [2026-08-09T05:05:01.378Z] CLI Version:   15.26.0
[debug] [2026-08-09T05:05:01.378Z] Platform:      win32
[debug] [2026-08-09T05:05:01.378Z] Node Version:  v24.16.0
[debug] [2026-08-09T05:05:01.378Z] Detected Agent: antigravity
[debug] [2026-08-09T05:05:01.378Z] Time:          Sun Aug 09 2026 12:05:01 GMT+0700 (Western Indonesia Time)
[debug] [2026-08-09T05:05:01.378Z] ----------------------------------------------------------------------
[debug] 
[debug] [2026-08-09T05:05:03.232Z] > command requires scopes: ["email","openid","https://www.googleapis.com/auth/cloudplatformprojects.readonly","https://www.googleapis.com/auth/firebase","https://www.googleapis.com/auth/cloud-platform"]
[debug] [2026-08-09T05:05:03.232Z] > authorizing via signed-in user (deny.wismoyo@gmail.com)
[debug] [2026-08-09T05:05:03.232Z] [iam] checking project teknopark-surakarta for permissions ["cloudfunctions.functions.create","cloudfunctions.functions.delete","cloudfunctions.functions.get","cloudfunctions.functions.list","cloudfunctions.functions.update","cloudfunctions.operations.get","firebase.projects.get"]
[debug] [2026-08-09T05:05:03.250Z] Checked if tokens are valid: false, expires at: 1786237458504
[debug] [2026-08-09T05:05:03.250Z] Checked if tokens are valid: false, expires at: 1786237458504
[debug] [2026-08-09T05:05:03.250Z] > refreshing access token with scopes: []
[debug] [2026-08-09T05:05:03.253Z] >>> [apiv2][query] POST https://www.googleapis.com/oauth2/v3/token [none]
[debug] [2026-08-09T05:05:03.253Z] >>> [apiv2][body] POST https://www.googleapis.com/oauth2/v3/token [omitted]
[debug] [2026-08-09T05:05:03.427Z] <<< [apiv2][status] POST https://www.googleapis.com/oauth2/v3/token 200
[debug] [2026-08-09T05:05:03.427Z] <<< [apiv2][body] POST https://www.googleapis.com/oauth2/v3/token [omitted]
[debug] [2026-08-09T05:05:03.439Z] >>> [apiv2][query] POST https://cloudresourcemanager.googleapis.com/v1/projects/teknopark-surakarta:testIamPermissions [none]
[debug] [2026-08-09T05:05:03.440Z] >>> [apiv2][(partial)header] POST https://cloudresourcemanager.googleapis.com/v1/projects/teknopark-surakarta:testIamPermissions  x-goog-user-project=teknopark-surakarta
[debug] [2026-08-09T05:05:03.440Z] >>> [apiv2][body] POST https://cloudresourcemanager.googleapis.com/v1/projects/teknopark-surakarta:testIamPermissions {"permissions":["cloudfunctions.functions.create","cloudfunctions.functions.delete","cloudfunctions.functions.get","cloudfunctions.functions.list","cloudfunctions.functions.update","cloudfunctions.operations.get","firebase.projects.get"]}
[debug] [2026-08-09T05:05:03.780Z] <<< [apiv2][status] POST https://cloudresourcemanager.googleapis.com/v1/projects/teknopark-surakarta:testIamPermissions 200
[debug] [2026-08-09T05:05:03.780Z] <<< [apiv2][body] POST https://cloudresourcemanager.googleapis.com/v1/projects/teknopark-surakarta:testIamPermissions {"permissions":["cloudfunctions.functions.create","cloudfunctions.functions.delete","cloudfunctions.functions.get","cloudfunctions.functions.list","cloudfunctions.functions.update","cloudfunctions.operations.get","firebase.projects.get"]}
[debug] [2026-08-09T05:05:03.781Z] Checked if tokens are valid: true, expires at: 1786255502427
[debug] [2026-08-09T05:05:03.781Z] Checked if tokens are valid: true, expires at: 1786255502427
[debug] [2026-08-09T05:05:03.781Z] >>> [apiv2][query] POST https://iam.googleapis.com/v1/projects/teknopark-surakarta/serviceAccounts/teknopark-surakarta@appspot.gserviceaccount.com:testIamPermissions [none]
[debug] [2026-08-09T05:05:03.781Z] >>> [apiv2][body] POST https://iam.googleapis.com/v1/projects/teknopark-surakarta/serviceAccounts/teknopark-surakarta@appspot.gserviceaccount.com:testIamPermissions {"permissions":["iam.serviceAccounts.actAs"]}
